
     coordinates at iteration   0


ATOMIC_POSITIONS (angstrom)
H       -2.416593606   0.000000000   0.000000000    1   0   0
H        0.000000000   0.000000000   0.000000000    0   0   0
H        0.824334666   0.000000000   0.000000000    1   0   0



     Subspace diagonalization in iterative solution of the eigenvalue problem:
     a serial algorithm will be used


     G-vector sticks info
     --------------------
     sticks:   dense  smooth     PW     G-vecs:    dense   smooth      PW
     Sum         469     389    145                 5031     3587     785



     bravais-lattice index     =            0
     lattice parameter (alat)  =      12.0000  a.u.
     unit-cell volume          =     300.0000 (a.u.)^3
     number of atoms/cell      =            3
     number of atomic types    =            1
     number of electrons       =         3.00
     number of Kohn-Sham states=            6
     kinetic-energy cutoff     =      20.0000  Ry
     charge density cutoff     =     100.0000  Ry
     convergence threshold     =      1.0E-08
     mixing beta               =       0.3000
     number of iterations used =            8  plain     mixing
     Exchange-correlation      = PBE ( 1  4  3  4 0 0)
     nstep                     =           50


     celldm(1)=  12.000000  celldm(2)=   0.000000  celldm(3)=   0.000000
     celldm(4)=   0.000000  celldm(5)=   0.000000  celldm(6)=   0.000000

     crystal axes: (cart. coord. in units of alat)
               a(1) = (   1.000000   0.000000   0.000000 )  
               a(2) = (   0.000000   0.416667   0.000000 )  
               a(3) = (   0.000000   0.000000   0.416667 )  

     reciprocal axes: (cart. coord. in units 2 pi/alat)
               b(1) = (  1.000000  0.000000  0.000000 )  
               b(2) = (  0.000000  2.400000  0.000000 )  
               b(3) = (  0.000000  0.000000  2.400000 )  


     PseudoPot. # 1 for H  read from file:
     ./pseudo/H.pbe-rrkjus_psl.1.0.0.UPF
     MD5 check sum: f52b6d4d1c606e5624b1dc7b2218f220
     Pseudo is Ultrasoft, Zval =  1.0
     Generated using "atomic" code by A. Dal Corso v.5.1
     Using radial grid of  929 points,  2 beta functions with: 
                l(1) =   0
                l(2) =   0
     Q(r) pseudized with 0 coefficients 


     atomic species   valence    mass     pseudopotential
        H              1.00     1.00794     H ( 1.00)

     Starting magnetic structure 
     atomic species   magnetization
        H            0.500

      8 Sym. Ops. (no inversion) found


                                    s                        frac. trans.

      isym =  1     identity                                     

 cryst.   s( 1) = (     1          0          0      )
                  (     0          1          0      )
                  (     0          0          1      )

 cart.    s( 1) = (  1.0000000  0.0000000  0.0000000 )
                  (  0.0000000  1.0000000  0.0000000 )
                  (  0.0000000  0.0000000  1.0000000 )


      isym =  2     180 deg rotation - cart. axis [1,0,0]        

 cryst.   s( 2) = (     1          0          0      )
                  (     0         -1          0      )
                  (     0          0         -1      )

 cart.    s( 2) = (  1.0000000  0.0000000  0.0000000 )
                  (  0.0000000 -1.0000000  0.0000000 )
                  (  0.0000000  0.0000000 -1.0000000 )


      isym =  3      90 deg rotation - cart. axis [-1,0,0]       

 cryst.   s( 3) = (     1          0          0      )
                  (     0          0         -1      )
                  (     0          1          0      )

 cart.    s( 3) = (  1.0000000  0.0000000  0.0000000 )
                  (  0.0000000  0.0000000  1.0000000 )
                  (  0.0000000 -1.0000000  0.0000000 )


      isym =  4      90 deg rotation - cart. axis [1,0,0]        

 cryst.   s( 4) = (     1          0          0      )
                  (     0          0          1      )
                  (     0         -1          0      )

 cart.    s( 4) = (  1.0000000  0.0000000  0.0000000 )
                  (  0.0000000  0.0000000 -1.0000000 )
                  (  0.0000000  1.0000000  0.0000000 )


      isym =  5     inv. 180 deg rotation - cart. axis [0,0,1]   

 cryst.   s( 5) = (     1          0          0      )
                  (     0          1          0      )
                  (     0          0         -1      )

 cart.    s( 5) = (  1.0000000  0.0000000  0.0000000 )
                  (  0.0000000  1.0000000  0.0000000 )
                  (  0.0000000  0.0000000 -1.0000000 )


      isym =  6     inv. 180 deg rotation - cart. axis [0,1,0]   

 cryst.   s( 6) = (     1          0          0      )
                  (     0         -1          0      )
                  (     0          0          1      )

 cart.    s( 6) = (  1.0000000  0.0000000  0.0000000 )
                  (  0.0000000 -1.0000000  0.0000000 )
                  (  0.0000000  0.0000000  1.0000000 )


      isym =  7     inv. 180 deg rotation - cart. axis [0,1,1]   

 cryst.   s( 7) = (     1          0          0      )
                  (     0          0         -1      )
                  (     0         -1          0      )

 cart.    s( 7) = (  1.0000000  0.0000000  0.0000000 )
                  (  0.0000000  0.0000000 -1.0000000 )
                  (  0.0000000 -1.0000000  0.0000000 )


      isym =  8     inv. 180 deg rotation - cart. axis [0,1,-1]  

 cryst.   s( 8) = (     1          0          0      )
                  (     0          0          1      )
                  (     0          1          0      )

 cart.    s( 8) = (  1.0000000  0.0000000  0.0000000 )
                  (  0.0000000  0.0000000  1.0000000 )
                  (  0.0000000  1.0000000  0.0000000 )


   Cartesian axes

     site n.     atom                  positions (alat units)
         1           H   tau(   1) = (  -0.3805583   0.0000000   0.0000000  )
         2           H   tau(   2) = (   0.0000000   0.0000000   0.0000000  )
         3           H   tau(   3) = (   0.1298139   0.0000000   0.0000000  )

   Crystallographic axes

     site n.     atom                  positions (cryst. coord.)
         1           H   tau(   1) = ( -0.3805583  0.0000000  0.0000000  )
         2           H   tau(   2) = (  0.0000000  0.0000000  0.0000000  )
         3           H   tau(   3) = (  0.1298139  0.0000000  0.0000000  )

     number of k points=     6  gaussian smearing, width (Ry)=  0.0030
                       cart. coord. in units 2pi/alat
        k(    1) = (   0.0000000   0.0000000   0.0000000), wk =   0.1250000
        k(    2) = (   0.0000000   0.0000000  -1.2000000), wk =   0.2500000
        k(    3) = (   0.0000000  -1.2000000  -1.2000000), wk =   0.1250000
        k(    4) = (  -0.5000000   0.0000000   0.0000000), wk =   0.1250000
        k(    5) = (  -0.5000000   0.0000000  -1.2000000), wk =   0.2500000
        k(    6) = (  -0.5000000  -1.2000000  -1.2000000), wk =   0.1250000

                       cryst. coord.
        k(    1) = (   0.0000000   0.0000000   0.0000000), wk =   0.1250000
        k(    2) = (   0.0000000   0.0000000  -0.5000000), wk =   0.2500000
        k(    3) = (   0.0000000  -0.5000000  -0.5000000), wk =   0.1250000
        k(    4) = (  -0.5000000   0.0000000   0.0000000), wk =   0.1250000
        k(    5) = (  -0.5000000   0.0000000  -0.5000000), wk =   0.2500000
        k(    6) = (  -0.5000000  -0.5000000  -0.5000000), wk =   0.1250000

     Dense  grid:     5031 G-vectors     FFT dimensions: (  40,  15,  15)

     Smooth grid:     3587 G-vectors     FFT dimensions: (  36,  15,  15)

     Dynamical RAM for                 wfc:       0.04 MB

     Dynamical RAM for     wfc (w. buffer):       0.54 MB

     Dynamical RAM for           str. fact:       0.08 MB

     Dynamical RAM for           local pot:       0.00 MB

     Dynamical RAM for          nlocal pot:       0.04 MB

     Dynamical RAM for                qrad:       0.04 MB

     Dynamical RAM for          rho,v,vnew:       0.87 MB

     Dynamical RAM for               rhoin:       0.29 MB

     Dynamical RAM for            rho*nmix:       2.46 MB

     Dynamical RAM for           G-vectors:       0.32 MB

     Dynamical RAM for          h,s,v(r/c):       0.03 MB

     Dynamical RAM for          <psi|beta>:       0.00 MB

     Dynamical RAM for                 psi:       0.17 MB

     Dynamical RAM for                hpsi:       0.17 MB

     Dynamical RAM for                spsi:       0.17 MB

     Dynamical RAM for      wfcinit/wfcrot:       0.08 MB

     Dynamical RAM for           addusdens:       0.77 MB

     Dynamical RAM for          addusforce:       1.08 MB

     Estimated static dynamical RAM per process >       5.20 MB

     Estimated max dynamical RAM per process >       6.28 MB
     Generating pointlists ...
     new r_m :   0.0535 (alat units)  0.6426 (a.u.) for type    1

     Initial potential from superposition of free atoms

     starting charge    2.99997, renormalised to    3.00000
     Starting wfcs are    3 randomized atomic wfcs +    3 random wfcs

     total cpu time spent up to now is        0.1 secs

     Self-consistent Calculation

     iteration #  1     ecut=    20.00 Ry     beta= 0.30
     Davidson diagonalization with overlap
     ethr =  1.00E-02,  avg # of iterations =  5.2

     total cpu time spent up to now is        0.2 secs

     total energy              =      -3.27356545 Ry
     Harris-Foulkes estimate   =      -3.27337538 Ry
     estimated scf accuracy    <       0.09901428 Ry

     total magnetization       =     0.50 Bohr mag/cell
     absolute magnetization    =     0.53 Bohr mag/cell

     iteration #  2     ecut=    20.00 Ry     beta= 0.30
     Davidson diagonalization with overlap
     ethr =  3.30E-03,  avg # of iterations =  1.0

     total cpu time spent up to now is        0.3 secs

     total energy              =      -3.27451907 Ry
     Harris-Foulkes estimate   =      -3.27474219 Ry
     estimated scf accuracy    <       0.04048185 Ry

     total magnetization       =     0.50 Bohr mag/cell
     absolute magnetization    =     0.52 Bohr mag/cell

     iteration #  3     ecut=    20.00 Ry     beta= 0.30
     Davidson diagonalization with overlap
     ethr =  1.35E-03,  avg # of iterations =  1.7

     total cpu time spent up to now is        0.3 secs

     total energy              =      -3.27936540 Ry
     Harris-Foulkes estimate   =      -3.27907586 Ry
     estimated scf accuracy    <       0.00050247 Ry

     total magnetization       =     0.50 Bohr mag/cell
     absolute magnetization    =     0.51 Bohr mag/cell

     iteration #  4     ecut=    20.00 Ry     beta= 0.30
     Davidson diagonalization with overlap
     ethr =  1.67E-05,  avg # of iterations =  3.1

     total cpu time spent up to now is        0.4 secs

     total energy              =      -3.27972089 Ry
     Harris-Foulkes estimate   =      -3.27955304 Ry
     estimated scf accuracy    <       0.00040316 Ry

     total magnetization       =     0.50 Bohr mag/cell
     absolute magnetization    =     0.51 Bohr mag/cell

     iteration #  5     ecut=    20.00 Ry     beta= 0.30
     Davidson diagonalization with overlap
     ethr =  1.34E-05,  avg # of iterations =  1.6

     total cpu time spent up to now is        0.5 secs

     total energy              =      -3.27980053 Ry
     Harris-Foulkes estimate   =      -3.27977534 Ry
     estimated scf accuracy    <       0.00000458 Ry

     total magnetization       =     0.50 Bohr mag/cell
     absolute magnetization    =     0.51 Bohr mag/cell

     iteration #  6     ecut=    20.00 Ry     beta= 0.30
     Davidson diagonalization with overlap
     ethr =  1.53E-07,  avg # of iterations =  2.1

     total cpu time spent up to now is        0.5 secs

     total energy              =      -3.27981270 Ry
     Harris-Foulkes estimate   =      -3.27980171 Ry
     estimated scf accuracy    <       0.00000059 Ry

     total magnetization       =     0.50 Bohr mag/cell
     absolute magnetization    =     0.51 Bohr mag/cell

     iteration #  7     ecut=    20.00 Ry     beta= 0.30
     Davidson diagonalization with overlap
     ethr =  1.98E-08,  avg # of iterations =  1.7

     total cpu time spent up to now is        0.6 secs

     total energy              =      -3.27981829 Ry
     Harris-Foulkes estimate   =      -3.27981284 Ry
     estimated scf accuracy    <       0.00000012 Ry

     total magnetization       =     0.50 Bohr mag/cell
     absolute magnetization    =     0.51 Bohr mag/cell

     iteration #  8     ecut=    20.00 Ry     beta= 0.30
     Davidson diagonalization with overlap
     ethr =  3.88E-09,  avg # of iterations =  1.8

     total cpu time spent up to now is        0.7 secs

     total energy              =      -3.27982111 Ry
     Harris-Foulkes estimate   =      -3.27981837 Ry
     estimated scf accuracy    <       0.00000003 Ry

     total magnetization       =     0.50 Bohr mag/cell
     absolute magnetization    =     0.51 Bohr mag/cell

     iteration #  9     ecut=    20.00 Ry     beta= 0.30
     Davidson diagonalization with overlap
     ethr =  1.04E-09,  avg # of iterations =  2.0

     Magnetic moment per site:
     atom:    1    charge:    0.1381    magn:    0.0890    constr:    0.0000
     atom:    2    charge:    0.2225    magn:   -0.0003    constr:    0.0000
     atom:    3    charge:    0.2221    magn:    0.0009    constr:    0.0000

     total cpu time spent up to now is        0.7 secs

     End of self-consistent calculation

 ------ SPIN UP ------------


          k = 0.0000 0.0000 0.0000 (   445 PWs)   bands (ev):

    -9.6859  -7.6403  -0.7261   5.7413   7.5786  11.8344

     occupation numbers 
     1.0000   1.0000   0.0000   0.0000   0.0000   0.0000

          k = 0.0000 0.0000-1.2000 (   456 PWs)   bands (ev):

    -7.9774  -5.6238   1.5465   2.9573   4.4500   6.4536

     occupation numbers 
     1.0000   1.0000   0.0000   0.0000   0.0000   0.0000

          k = 0.0000-1.2000-1.2000 (   412 PWs)   bands (ev):

    -6.6485  -3.9836   5.8807   5.8864   5.8864   8.0835

     occupation numbers 
     1.0000   0.0000   0.0000   0.0000   0.0000   0.0000

          k =-0.5000 0.0000 0.0000 (   458 PWs)   bands (ev):

    -9.5681  -7.9215   0.8860   2.3828   9.5491  11.4033

     occupation numbers 
     1.0000   1.0000   0.0000   0.0000   0.0000   0.0000

          k =-0.5000 0.0000-1.2000 (   456 PWs)   bands (ev):

    -7.9251  -5.7489   2.1503   2.8093   4.0080   6.8098

     occupation numbers 
     1.0000   1.0000   0.0000   0.0000   0.0000   0.0000

          k =-0.5000-1.2000-1.2000 (   448 PWs)   bands (ev):

    -6.6546  -4.0717   6.4494   6.4494   6.4917   7.1290

     occupation numbers 
     1.0000   0.0000   0.0000   0.0000   0.0000   0.0000

 ------ SPIN DOWN ----------


          k = 0.0000 0.0000 0.0000 (   445 PWs)   bands (ev):

    -9.5863  -5.8526  -0.4833   6.4222   8.1435  12.4847

     occupation numbers 
     1.0000   1.0000   0.0000   0.0000   0.0000   0.0000

          k = 0.0000 0.0000-1.2000 (   456 PWs)   bands (ev):

    -7.9334  -3.3263   1.8970   3.1579   4.7863   6.7186

     occupation numbers 
     1.0000   0.0000   0.0000   0.0000   0.0000   0.0000

          k = 0.0000-1.2000-1.2000 (   412 PWs)   bands (ev):

    -6.6254  -1.3228   6.0261   6.3103   6.3103   8.2961

     occupation numbers 
     1.0000   0.0000   0.0000   0.0000   0.0000   0.0000

          k =-0.5000 0.0000 0.0000 (   458 PWs)   bands (ev):

    -9.5367  -6.1338   1.1871   2.9472  10.3322  11.9888

     occupation numbers 
     1.0000   1.0000   0.0000   0.0000   0.0000   0.0000

          k =-0.5000 0.0000-1.2000 (   456 PWs)   bands (ev):

    -7.9101  -3.4662   2.5806   3.0389   4.1889   7.5317

     occupation numbers 
     1.0000   0.0000   0.0000   0.0000   0.0000   0.0000

          k =-0.5000-1.2000-1.2000 (   448 PWs)   bands (ev):

    -6.6463  -1.4198   6.5979   6.8600   6.8602   7.6120

     occupation numbers 
     1.0000   0.0000   0.0000   0.0000   0.0000   0.0000

     the Fermi energy is    -4.8820 ev

!    total energy              =      -3.27982348 Ry
     Harris-Foulkes estimate   =      -3.27982114 Ry
     estimated scf accuracy    <          2.3E-10 Ry

     The total energy is the sum of the following terms:

     one-electron contribution =      -1.41047261 Ry
     hartree contribution      =       1.08997921 Ry
     xc contribution           =      -1.87804626 Ry
     ewald contribution        =      -1.08128381 Ry
     smearing contrib. (-TS)   =      -0.00000000 Ry

     total magnetization       =     0.50 Bohr mag/cell
     absolute magnetization    =     0.51 Bohr mag/cell

     convergence has been achieved in   9 iterations

     Writing output data file aiida.save/

     Forces acting on atoms (cartesian axes, Ry/au):

     atom    1 type  1   force =     0.00076934    0.00000000    0.00000000
     atom    2 type  1   force =     0.08388026    0.00000000    0.00000000
     atom    3 type  1   force =    -0.08464960    0.00000000    0.00000000
     The non-local contrib.  to forces
     atom    1 type  1   force =     0.00027991    0.00000000    0.00000000
     atom    2 type  1   force =     0.05886456    0.00000000    0.00000000
     atom    3 type  1   force =    -0.05919093    0.00000000    0.00000000
     The ionic contribution  to forces
     atom    1 type  1   force =    -0.11621612    0.00000000   -0.00000000
     atom    2 type  1   force =    -0.77512103   -0.00000000   -0.00000000
     atom    3 type  1   force =     0.89133715    0.00000000   -0.00000000
     The local contribution  to forces
     atom    1 type  1   force =     0.11670760    0.00000000    0.00000000
     atom    2 type  1   force =     0.80017390   -0.00000000   -0.00000000
     atom    3 type  1   force =    -0.91677392    0.00000000   -0.00000000
     The core correction contribution to forces
     atom    1 type  1   force =     0.00000000    0.00000000    0.00000000
     atom    2 type  1   force =     0.00000000    0.00000000    0.00000000
     atom    3 type  1   force =     0.00000000    0.00000000    0.00000000
     The Hubbard contrib.    to forces
     atom    1 type  1   force =     0.00000000    0.00000000    0.00000000
     atom    2 type  1   force =     0.00000000    0.00000000    0.00000000
     atom    3 type  1   force =     0.00000000    0.00000000    0.00000000
     The SCF correction term to forces
     atom    1 type  1   force =     0.00003646    0.00000000    0.00000000
     atom    2 type  1   force =     0.00000000    0.00000000   -0.00000000
     atom    3 type  1   force =     0.00001661    0.00000000    0.00000000

     Total force =     0.084653     Total SCF correction =     0.000040
