
     Program NEB v.6.4.1 starts on  9Sep2019 at 21: 1: 6 

     This program is part of the open-source Quantum ESPRESSO suite
     for quantum simulation of materials; please cite
         "P. Giannozzi et al., J. Phys.:Condens. Matter 21 395502 (2009);
         "P. Giannozzi et al., J. Phys.:Condens. Matter 29 465901 (2017);
          URL http://www.quantum-espresso.org", 
     in publications or presentations arising from this work. More details at
     http://www.quantum-espresso.org/quote

     Parallel version (MPI), running on     1 processors

     MPI processes distributed on     1 nodes

     No input file found, assuming nothing to parse
     Searching argument -input_images or --input_images
     Reading input from pw_1.in
     Reading input from pw_2.in

     initial path length           =  4.2553 bohr
     initial inter-image distance  =  1.4184 bohr

     string_method                 =    neb
     restart_mode                  =    from_scratch
     opt_scheme                    =    broyden
     num_of_images                 =    4
     nstep_path                    =    20
     CI_scheme                     =    manual
     first_last_opt                =    F
     use_freezing                  =    F
     ds                            =    2.0000 a.u.
     k_max                         =    0.3000 a.u.
     k_min                         =    0.2000 a.u.
     suggested k_max               =    0.1542 a.u.
     suggested k_min               =    0.1028 a.u.
     path_thr                      =    0.0500 eV / A

     list of climbing images :   2,

     ------------------------------ iteration   1 ------------------------------

     tcpu =      0.2    self-consistency for image   1
     Message from routine setup:
     DEPRECATED: symmetry with ibrav=0, use correct ibrav instead
     tcpu =      0.9    self-consistency for image   2
     Message from routine setup:
     DEPRECATED: symmetry with ibrav=0, use correct ibrav instead
     tcpu =      1.6    self-consistency for image   3
     Message from routine setup:
     DEPRECATED: symmetry with ibrav=0, use correct ibrav instead
     tcpu =      2.4    self-consistency for image   4
     Message from routine setup:
     DEPRECATED: symmetry with ibrav=0, use correct ibrav instead

     activation energy (->) =   2.014397 eV
     activation energy (<-) =   2.014397 eV

     image        energy (eV)        error (eV/A)        frozen

         1        -44.6242679            2.176428            T
         2        -42.6098713            4.076889            F
         3        -42.6098713            3.740892            F
         4        -44.6242679            2.176422            T

     path length          =  4.255 bohr
     inter-image distance =  1.418 bohr

     ------------------------------ iteration   2 ------------------------------

     tcpu =      3.1    self-consistency for image   2
     Message from routine setup:
     DEPRECATED: symmetry with ibrav=0, use correct ibrav instead
     tcpu =      4.1    self-consistency for image   3
     Message from routine setup:
     DEPRECATED: symmetry with ibrav=0, use correct ibrav instead

     activation energy (->) =   1.715272 eV
     activation energy (<-) =   1.715272 eV

     image        energy (eV)        error (eV/A)        frozen

         1        -44.6242679            2.176428            T
         2        -42.9089963            3.851001            F
         3        -42.9477006            3.713106            F
         4        -44.6242679            2.176422            T

     path length          =  4.301 bohr
     inter-image distance =  1.434 bohr

     ------------------------------ iteration   3 ------------------------------

     tcpu =      5.0    self-consistency for image   2
     Message from routine setup:
     DEPRECATED: symmetry with ibrav=0, use correct ibrav instead
     tcpu =      5.8    self-consistency for image   3
     Message from routine setup:
     DEPRECATED: symmetry with ibrav=0, use correct ibrav instead

     activation energy (->) =   1.171369 eV
     activation energy (<-) =   1.171369 eV

     image        energy (eV)        error (eV/A)        frozen

         1        -44.6242679            2.176428            T
         2        -43.4528989            2.886442            F
         3        -43.8525050            3.259646            F
         4        -44.6242679            2.176422            T

     path length          =  4.513 bohr
     inter-image distance =  1.504 bohr

     ------------------------------ iteration   4 ------------------------------

     tcpu =      6.7    self-consistency for image   2
     Message from routine setup:
     DEPRECATED: symmetry with ibrav=0, use correct ibrav instead
     tcpu =      7.5    self-consistency for image   3
     Message from routine setup:
     DEPRECATED: symmetry with ibrav=0, use correct ibrav instead

     activation energy (->) =   0.486496 eV
     activation energy (<-) =   0.486496 eV

     image        energy (eV)        error (eV/A)        frozen

         1        -44.6242679            2.176428            T
         2        -44.1377722            3.064123            F
         3        -44.5828952            2.105733            F
         4        -44.6242679            2.176422            T

     path length          =  4.909 bohr
     inter-image distance =  1.636 bohr

     ------------------------------ iteration   5 ------------------------------

     tcpu =      8.3    self-consistency for image   2
     Message from routine setup:
     DEPRECATED: symmetry with ibrav=0, use correct ibrav instead
     tcpu =      9.2    self-consistency for image   3
     Message from routine setup:
     DEPRECATED: symmetry with ibrav=0, use correct ibrav instead

     activation energy (->) =   0.000000 eV
     activation energy (<-) =   0.000000 eV

     image        energy (eV)        error (eV/A)        frozen

         1        -44.6242679            2.176428            T
         2        -44.7362732            1.903314            F
         3        -44.6393313            4.754447            F
         4        -44.6242679            2.176422            T

     path length          =  5.473 bohr
     inter-image distance =  1.824 bohr

     ------------------------------ iteration   6 ------------------------------

     tcpu =      9.9    self-consistency for image   2
     Message from routine setup:
     DEPRECATED: symmetry with ibrav=0, use correct ibrav instead
     tcpu =     10.6    self-consistency for image   3
     Message from routine setup:
     DEPRECATED: symmetry with ibrav=0, use correct ibrav instead

     activation energy (->) =   0.236059 eV
     activation energy (<-) =   0.236059 eV

     image        energy (eV)        error (eV/A)        frozen

         1        -44.6242679            2.176428            T
         2        -44.3882089            2.697623            F
         3        -44.6207233            1.562016            F
         4        -44.6242679            2.176422            T

     path length          =  5.016 bohr
     inter-image distance =  1.672 bohr

     ------------------------------ iteration   7 ------------------------------

     tcpu =     11.5    self-consistency for image   2
     Message from routine setup:
     DEPRECATED: symmetry with ibrav=0, use correct ibrav instead
     tcpu =     12.4    self-consistency for image   3
     Message from routine setup:
     DEPRECATED: symmetry with ibrav=0, use correct ibrav instead

     activation energy (->) =   0.000000 eV
     activation energy (<-) =   0.000000 eV

     image        energy (eV)        error (eV/A)        frozen

         1        -44.6242679            2.176428            T
         2        -44.6760239            2.023151            F
         3        -44.6377381            2.617887            F
         4        -44.6242679            2.176422            T

     path length          =  5.191 bohr
     inter-image distance =  1.730 bohr

     ------------------------------ iteration   8 ------------------------------

     tcpu =     12.9    self-consistency for image   2
     Message from routine setup:
     DEPRECATED: symmetry with ibrav=0, use correct ibrav instead
     tcpu =     13.6    self-consistency for image   3
     Message from routine setup:
     DEPRECATED: symmetry with ibrav=0, use correct ibrav instead

     activation energy (->) =   0.000000 eV
     activation energy (<-) =   0.000000 eV

     image        energy (eV)        error (eV/A)        frozen

         1        -44.6242679            2.176428            T
         2        -44.8337576            0.259579            F
         3        -44.7229591            5.380810            F
         4        -44.6242679            2.176422            T

     path length          =  5.446 bohr
     inter-image distance =  1.815 bohr

     ------------------------------ iteration   9 ------------------------------

     tcpu =     14.4    self-consistency for image   2
     Message from routine setup:
     DEPRECATED: symmetry with ibrav=0, use correct ibrav instead
     tcpu =     15.2    self-consistency for image   3
     Message from routine setup:
     DEPRECATED: symmetry with ibrav=0, use correct ibrav instead

     activation energy (->) =   0.000000 eV
     activation energy (<-) =   0.000000 eV

     image        energy (eV)        error (eV/A)        frozen

         1        -44.6242679            2.176428            T
         2        -44.7999787            1.086581            F
         3        -44.7213902            1.203266            F
         4        -44.6242679            2.176422            T

     path length          =  5.351 bohr
     inter-image distance =  1.784 bohr

     ------------------------------ iteration  10 ------------------------------

     tcpu =     15.9    self-consistency for image   2
     Message from routine setup:
     DEPRECATED: symmetry with ibrav=0, use correct ibrav instead
     tcpu =     16.5    self-consistency for image   3
     Message from routine setup:
     DEPRECATED: symmetry with ibrav=0, use correct ibrav instead

     activation energy (->) =   0.000000 eV
     activation energy (<-) =   0.000000 eV

     image        energy (eV)        error (eV/A)        frozen

         1        -44.6242679            2.176428            T
         2        -44.8207205            0.506238            F
         3        -44.7367109            1.302529            F
         4        -44.6242679            2.176422            T

     path length          =  5.469 bohr
     inter-image distance =  1.823 bohr

     ------------------------------ iteration  11 ------------------------------

     tcpu =     17.2    self-consistency for image   2
     Message from routine setup:
     DEPRECATED: symmetry with ibrav=0, use correct ibrav instead
     tcpu =     17.9    self-consistency for image   3
     Message from routine setup:
     DEPRECATED: symmetry with ibrav=0, use correct ibrav instead

     activation energy (->) =   0.000000 eV
     activation energy (<-) =   0.000000 eV

     image        energy (eV)        error (eV/A)        frozen

         1        -44.6242679            2.176428            T
         2        -44.7930466            1.130620            F
         3        -44.7435984            0.966719            F
         4        -44.6242679            2.176422            T

     path length          =  5.567 bohr
     inter-image distance =  1.856 bohr

     ------------------------------ iteration  12 ------------------------------

     tcpu =     18.4    self-consistency for image   2
     Message from routine setup:
     DEPRECATED: symmetry with ibrav=0, use correct ibrav instead
     tcpu =     19.0    self-consistency for image   3
     Message from routine setup:
     DEPRECATED: symmetry with ibrav=0, use correct ibrav instead

     activation energy (->) =   0.000000 eV
     activation energy (<-) =   0.000000 eV

     image        energy (eV)        error (eV/A)        frozen

         1        -44.6242679            2.176428            T
         2        -44.8141058            0.368347            F
         3        -44.7438499            0.680448            F
         4        -44.6242679            2.176422            T

     path length          =  5.509 bohr
     inter-image distance =  1.836 bohr

     ------------------------------ iteration  13 ------------------------------

     tcpu =     19.6    self-consistency for image   2
     Message from routine setup:
     DEPRECATED: symmetry with ibrav=0, use correct ibrav instead
     tcpu =     20.2    self-consistency for image   3
     Message from routine setup:
     DEPRECATED: symmetry with ibrav=0, use correct ibrav instead

     activation energy (->) =   0.000000 eV
     activation energy (<-) =   0.000000 eV

     image        energy (eV)        error (eV/A)        frozen

         1        -44.6242679            2.176428            T
         2        -44.8007606            0.274391            F
         3        -44.7571980            1.208768            F
         4        -44.6242679            2.176422            T

     path length          =  5.475 bohr
     inter-image distance =  1.825 bohr

     ------------------------------ iteration  14 ------------------------------

     tcpu =     20.8    self-consistency for image   2
     Message from routine setup:
     DEPRECATED: symmetry with ibrav=0, use correct ibrav instead
     tcpu =     21.4    self-consistency for image   3
     Message from routine setup:
     DEPRECATED: symmetry with ibrav=0, use correct ibrav instead

     activation energy (->) =   0.000000 eV
     activation energy (<-) =   0.000000 eV

     image        energy (eV)        error (eV/A)        frozen

         1        -44.6242679            2.176428            T
         2        -44.8036829            0.277959            F
         3        -44.7508183            0.166160            F
         4        -44.6242679            2.176422            T

     path length          =  5.458 bohr
     inter-image distance =  1.819 bohr

     ------------------------------ iteration  15 ------------------------------

     tcpu =     22.0    self-consistency for image   2
     Message from routine setup:
     DEPRECATED: symmetry with ibrav=0, use correct ibrav instead
     tcpu =     22.6    self-consistency for image   3
     Message from routine setup:
     DEPRECATED: symmetry with ibrav=0, use correct ibrav instead

     activation energy (->) =   0.000000 eV
     activation energy (<-) =   0.000000 eV

     image        energy (eV)        error (eV/A)        frozen

         1        -44.6242679            2.176428            T
         2        -44.8000452            0.276602            F
         3        -44.7499284            0.071324            F
         4        -44.6242679            2.176422            T

     path length          =  5.449 bohr
     inter-image distance =  1.816 bohr

     ------------------------------ iteration  16 ------------------------------

     tcpu =     23.2    self-consistency for image   2
     Message from routine setup:
     DEPRECATED: symmetry with ibrav=0, use correct ibrav instead
     tcpu =     23.7    self-consistency for image   3
     Message from routine setup:
     DEPRECATED: symmetry with ibrav=0, use correct ibrav instead

     activation energy (->) =   0.000000 eV
     activation energy (<-) =   0.000000 eV

     image        energy (eV)        error (eV/A)        frozen

         1        -44.6242679            2.176428            T
         2        -44.7907679            0.251206            F
         3        -44.7508372            0.131716            F
         4        -44.6242679            2.176422            T

     path length          =  5.432 bohr
     inter-image distance =  1.811 bohr

     ------------------------------ iteration  17 ------------------------------

     tcpu =     24.3    self-consistency for image   2
     Message from routine setup:
     DEPRECATED: symmetry with ibrav=0, use correct ibrav instead
     tcpu =     25.0    self-consistency for image   3
     Message from routine setup:
     DEPRECATED: symmetry with ibrav=0, use correct ibrav instead

     activation energy (->) =   0.000000 eV
     activation energy (<-) =   0.000000 eV

     image        energy (eV)        error (eV/A)        frozen

         1        -44.6242679            2.176428            T
         2        -44.7669638            0.176950            F
         3        -44.7531880            0.478084            F
         4        -44.6242679            2.176422            T

     path length          =  5.395 bohr
     inter-image distance =  1.798 bohr

     broyden uphill step : history is reset


     ------------------------------ iteration  18 ------------------------------

     tcpu =     25.6    self-consistency for image   2
     Message from routine setup:
     DEPRECATED: symmetry with ibrav=0, use correct ibrav instead
     tcpu =     26.1    self-consistency for image   3
     Message from routine setup:
     DEPRECATED: symmetry with ibrav=0, use correct ibrav instead

     activation energy (->) =   0.000000 eV
     activation energy (<-) =   0.000000 eV

     image        energy (eV)        error (eV/A)        frozen

         1        -44.6242679            2.176428            T
         2        -44.7659964            0.181225            F
         3        -44.7558773            0.089730            F
         4        -44.6242679            2.176422            T

     path length          =  5.389 bohr
     inter-image distance =  1.796 bohr

     ------------------------------ iteration  19 ------------------------------

     tcpu =     26.7    self-consistency for image   2
     Message from routine setup:
     DEPRECATED: symmetry with ibrav=0, use correct ibrav instead
     tcpu =     27.4    self-consistency for image   3
     Message from routine setup:
     DEPRECATED: symmetry with ibrav=0, use correct ibrav instead

     activation energy (->) =   0.000000 eV
     activation energy (<-) =   0.000000 eV

     image        energy (eV)        error (eV/A)        frozen

         1        -44.6242679            2.176428            T
         2        -44.7641975            0.172903            F
         3        -44.7566529            0.045161            F
         4        -44.6242679            2.176422            T

     path length          =  5.384 bohr
     inter-image distance =  1.795 bohr

     ------------------------------ iteration  20 ------------------------------

     tcpu =     27.9    self-consistency for image   2
     Message from routine setup:
     DEPRECATED: symmetry with ibrav=0, use correct ibrav instead
     tcpu =     28.5    self-consistency for image   3
     Message from routine setup:
     DEPRECATED: symmetry with ibrav=0, use correct ibrav instead

     activation energy (->) =   0.000000 eV
     activation energy (<-) =   0.000000 eV

     image        energy (eV)        error (eV/A)        frozen

         1        -44.6242679            2.176428            T
         2        -44.7585708            0.158289            F
         3        -44.7582033            0.090979            F
         4        -44.6242679            2.176422            T

     path length          =  5.374 bohr
     inter-image distance =  1.791 bohr

     ---------------------------------------------------------------------------


     neb: reached the maximum number of steps

     NEB          :     26.90s CPU     29.13s WALL


   This run was terminated on:  21: 1:35   9Sep2019            

=------------------------------------------------------------------------------=
   JOB DONE.
=------------------------------------------------------------------------------=
