
     Program NEB v.6.4.1 starts on 30Jul2019 at 16:40:34 

     This program is part of the open-source Quantum ESPRESSO suite
     for quantum simulation of materials; please cite
         "P. Giannozzi et al., J. Phys.:Condens. Matter 21 395502 (2009);
         "P. Giannozzi et al., J. Phys.:Condens. Matter 29 465901 (2017);
          URL http://www.quantum-espresso.org", 
     in publications or presentations arising from this work. More details at
     http://www.quantum-espresso.org/quote

     Parallel version (MPI), running on     1 processors

     MPI processes distributed on     1 nodes

     No input file found, assuming nothing to parse
     Searching argument -input_images or --input_images
     Reading input from pw_1.in
     Reading input from pw_2.in

     initial path length           =  4.2553 bohr
     initial inter-image distance  =  0.8511 bohr

     string_method                 =    neb
     restart_mode                  =    from_scratch
     opt_scheme                    =    broyden
     num_of_images                 =    6
     nstep_path                    =    20
     CI_scheme                     =    manual
     first_last_opt                =    F
     use_freezing                  =    F
     ds                            =    2.0000 a.u.
     k_max                         =    0.3000 a.u.
     k_min                         =    0.2000 a.u.
     suggested k_max               =    0.1542 a.u.
     suggested k_min               =    0.1028 a.u.
     path_thr                      =    0.0500 eV / A

     list of climbing images :   4,

     ------------------------------ iteration   1 ------------------------------

     tcpu =      0.2    self-consistency for image   1
     Message from routine setup:
     DEPRECATED: symmetry with ibrav=0, use correct ibrav instead
     tcpu =      0.9    self-consistency for image   2
     Message from routine setup:
     DEPRECATED: symmetry with ibrav=0, use correct ibrav instead
     tcpu =      1.6    self-consistency for image   3
     Message from routine setup:
     DEPRECATED: symmetry with ibrav=0, use correct ibrav instead
     tcpu =      2.6    self-consistency for image   4
     Message from routine setup:
     DEPRECATED: symmetry with ibrav=0, use correct ibrav instead
     tcpu =      3.6    self-consistency for image   5
     Message from routine setup:
     DEPRECATED: symmetry with ibrav=0, use correct ibrav instead
     tcpu =      4.4    self-consistency for image   6
     Message from routine setup:
     DEPRECATED: symmetry with ibrav=0, use correct ibrav instead

     activation energy (->) =   2.306556 eV
     activation energy (<-) =   2.306556 eV

     image        energy (eV)        error (eV/A)        frozen

         1        -44.6242679            2.176428            T
         2        -43.4377479            3.221834            F
         3        -42.3177121            2.745045            F
         4        -42.3177121            3.469716            F
         5        -43.4377479            3.221825            F
         6        -44.6242679            2.176426            T

     path length          =  4.255 bohr
     inter-image distance =  0.851 bohr

     ------------------------------ iteration   2 ------------------------------

     tcpu =      5.1    self-consistency for image   2
     Message from routine setup:
     DEPRECATED: symmetry with ibrav=0, use correct ibrav instead
     tcpu =      6.0    self-consistency for image   3
     Message from routine setup:
     DEPRECATED: symmetry with ibrav=0, use correct ibrav instead
     tcpu =      6.9    self-consistency for image   4
     Message from routine setup:
     DEPRECATED: symmetry with ibrav=0, use correct ibrav instead
     tcpu =      7.8    self-consistency for image   5
     Message from routine setup:
     DEPRECATED: symmetry with ibrav=0, use correct ibrav instead

     activation energy (->) =   1.920208 eV
     activation energy (<-) =   1.920208 eV

     image        energy (eV)        error (eV/A)        frozen

         1        -44.6242679            2.176428            T
         2        -43.7883672            2.392173            F
         3        -42.7611424            2.681757            F
         4        -42.7040599            3.339607            F
         5        -43.7883654            2.781284            F
         6        -44.6242679            2.176426            T

     path length          =  4.331 bohr
     inter-image distance =  0.866 bohr

     ------------------------------ iteration   3 ------------------------------

     tcpu =      8.7    self-consistency for image   2
     Message from routine setup:
     DEPRECATED: symmetry with ibrav=0, use correct ibrav instead
     tcpu =      9.5    self-consistency for image   3
     Message from routine setup:
     DEPRECATED: symmetry with ibrav=0, use correct ibrav instead
     tcpu =     10.4    self-consistency for image   4
     Message from routine setup:
     DEPRECATED: symmetry with ibrav=0, use correct ibrav instead
     tcpu =     11.2    self-consistency for image   5
     Message from routine setup:
     DEPRECATED: symmetry with ibrav=0, use correct ibrav instead

     activation energy (->) =   1.403015 eV
     activation energy (<-) =   1.403015 eV

     image        energy (eV)        error (eV/A)        frozen

         1        -44.6242679            2.176428            T
         2        -44.2345566            2.580978            F
         3        -43.3552230            2.833255            F
         4        -43.2212527            3.117258            F
         5        -44.1738716            2.114035            F
         6        -44.6242679            2.176426            T

     path length          =  4.548 bohr
     inter-image distance =  0.910 bohr

     ------------------------------ iteration   4 ------------------------------

     tcpu =     12.0    self-consistency for image   2
     Message from routine setup:
     DEPRECATED: symmetry with ibrav=0, use correct ibrav instead
     tcpu =     12.8    self-consistency for image   3
     Message from routine setup:
     DEPRECATED: symmetry with ibrav=0, use correct ibrav instead
     tcpu =     13.7    self-consistency for image   4
     Message from routine setup:
     DEPRECATED: symmetry with ibrav=0, use correct ibrav instead
     tcpu =     14.5    self-consistency for image   5
     Message from routine setup:
     DEPRECATED: symmetry with ibrav=0, use correct ibrav instead

     activation energy (->) =   0.832743 eV
     activation energy (<-) =   0.832743 eV

     image        energy (eV)        error (eV/A)        frozen

         1        -44.6242679            2.176428            T
         2        -44.6036962            2.366008            F
         3        -43.9577499            2.827383            F
         4        -43.7915251            2.694042            F
         5        -44.5128104            1.964249            F
         6        -44.6242679            2.176426            T

     path length          =  4.867 bohr
     inter-image distance =  0.973 bohr

     ------------------------------ iteration   5 ------------------------------

     tcpu =     15.3    self-consistency for image   2
     Message from routine setup:
     DEPRECATED: symmetry with ibrav=0, use correct ibrav instead
     tcpu =     16.0    self-consistency for image   3
     Message from routine setup:
     DEPRECATED: symmetry with ibrav=0, use correct ibrav instead
     tcpu =     16.7    self-consistency for image   4
     Message from routine setup:
     DEPRECATED: symmetry with ibrav=0, use correct ibrav instead
     tcpu =     17.7    self-consistency for image   5
     Message from routine setup:
     DEPRECATED: symmetry with ibrav=0, use correct ibrav instead

     activation energy (->) =   0.274360 eV
     activation energy (<-) =   0.274360 eV

     image        energy (eV)        error (eV/A)        frozen

         1        -44.6242679            2.176428            T
         2        -44.7372813            2.610411            F
         3        -44.4905688            2.551591            F
         4        -44.3499083            2.175912            F
         5        -44.7274207            1.503494            F
         6        -44.6242679            2.176426            T

     path length          =  5.261 bohr
     inter-image distance =  1.052 bohr

     ------------------------------ iteration   6 ------------------------------

     tcpu =     18.5    self-consistency for image   2
     Message from routine setup:
     DEPRECATED: symmetry with ibrav=0, use correct ibrav instead
     tcpu =     19.1    self-consistency for image   3
     Message from routine setup:
     DEPRECATED: symmetry with ibrav=0, use correct ibrav instead
     tcpu =     19.8    self-consistency for image   4
     Message from routine setup:
     DEPRECATED: symmetry with ibrav=0, use correct ibrav instead
     tcpu =     20.7    self-consistency for image   5
     Message from routine setup:
     DEPRECATED: symmetry with ibrav=0, use correct ibrav instead

     activation energy (->) =   0.144849 eV
     activation energy (<-) =   0.144849 eV

     image        energy (eV)        error (eV/A)        frozen

         1        -44.6242679            2.176428            T
         2        -44.4794191            5.781473            F
         3        -44.8282872            2.556546            F
         4        -44.8055464            1.454015            F
         5        -44.6771844            3.670033            F
         6        -44.6242679            2.176426            T

     path length          =  5.699 bohr
     inter-image distance =  1.140 bohr

     ------------------------------ iteration   7 ------------------------------

     tcpu =     21.4    self-consistency for image   2
     Message from routine setup:
     DEPRECATED: symmetry with ibrav=0, use correct ibrav instead
     tcpu =     22.1    self-consistency for image   3
     Message from routine setup:
     DEPRECATED: symmetry with ibrav=0, use correct ibrav instead
     tcpu =     22.8    self-consistency for image   4
     Message from routine setup:
     DEPRECATED: symmetry with ibrav=0, use correct ibrav instead
     tcpu =     23.7    self-consistency for image   5
     Message from routine setup:
     DEPRECATED: symmetry with ibrav=0, use correct ibrav instead

     activation energy (->) =   0.102390 eV
     activation energy (<-) =   0.102390 eV

     image        energy (eV)        error (eV/A)        frozen

         1        -44.6242679            2.176428            T
         2        -44.7361168            2.694008            F
         3        -44.6255068            1.983803            F
         4        -44.5218777            2.050344            F
         5        -44.7288447            1.345482            F
         6        -44.6242679            2.176426            T

     path length          =  5.266 bohr
     inter-image distance =  1.053 bohr

     ------------------------------ iteration   8 ------------------------------

     tcpu =     24.4    self-consistency for image   2
     Message from routine setup:
     DEPRECATED: symmetry with ibrav=0, use correct ibrav instead
     tcpu =     25.1    self-consistency for image   3
     Message from routine setup:
     DEPRECATED: symmetry with ibrav=0, use correct ibrav instead
     tcpu =     25.9    self-consistency for image   4
     Message from routine setup:
     DEPRECATED: symmetry with ibrav=0, use correct ibrav instead
     tcpu =     26.8    self-consistency for image   5
     Message from routine setup:
     DEPRECATED: symmetry with ibrav=0, use correct ibrav instead

     activation energy (->) =   0.000000 eV
     activation energy (<-) =   0.000000 eV

     image        energy (eV)        error (eV/A)        frozen

         1        -44.6242679            2.176428            T
         2        -44.6847978            1.479192            F
         3        -44.7637784            2.178809            F
         4        -44.7440174            1.882355            F
         5        -44.7309914            1.666981            F
         6        -44.6242679            2.176426            T

     path length          =  5.381 bohr
     inter-image distance =  1.076 bohr

     ------------------------------ iteration   9 ------------------------------

     tcpu =     27.5    self-consistency for image   2
     Message from routine setup:
     DEPRECATED: symmetry with ibrav=0, use correct ibrav instead
     tcpu =     28.1    self-consistency for image   3
     Message from routine setup:
     DEPRECATED: symmetry with ibrav=0, use correct ibrav instead
     tcpu =     28.9    self-consistency for image   4
     Message from routine setup:
     DEPRECATED: symmetry with ibrav=0, use correct ibrav instead
     tcpu =     29.9    self-consistency for image   5
     Message from routine setup:
     DEPRECATED: symmetry with ibrav=0, use correct ibrav instead

     activation energy (->) =   0.000000 eV
     activation energy (<-) =   0.000000 eV

     image        energy (eV)        error (eV/A)        frozen

         1        -44.6242679            2.176428            T
         2        -44.7230862            0.477431            F
         3        -44.7516327            1.927040            F
         4        -44.8698931            0.701726            F
         5        -44.7292303            1.468692            F
         6        -44.6242679            2.176426            T

     path length          =  5.594 bohr
     inter-image distance =  1.119 bohr

     ------------------------------ iteration  10 ------------------------------

     tcpu =     30.6    self-consistency for image   2
     Message from routine setup:
     DEPRECATED: symmetry with ibrav=0, use correct ibrav instead
     tcpu =     31.3    self-consistency for image   3
     Message from routine setup:
     DEPRECATED: symmetry with ibrav=0, use correct ibrav instead
     tcpu =     32.1    self-consistency for image   4
     Message from routine setup:
     DEPRECATED: symmetry with ibrav=0, use correct ibrav instead
     tcpu =     32.6    self-consistency for image   5
     Message from routine setup:
     DEPRECATED: symmetry with ibrav=0, use correct ibrav instead

     activation energy (->) =   0.000000 eV
     activation energy (<-) =   0.000000 eV

     image        energy (eV)        error (eV/A)        frozen

         1        -44.6242679            2.176428            T
         2        -44.7228744            0.535612            F
         3        -44.7725484            0.395437            F
         4        -44.8671727            0.751173            F
         5        -44.7323493            0.163552            F
         6        -44.6242679            2.176426            T

     path length          =  5.553 bohr
     inter-image distance =  1.111 bohr

     ------------------------------ iteration  11 ------------------------------

     tcpu =     33.1    self-consistency for image   2
     Message from routine setup:
     DEPRECATED: symmetry with ibrav=0, use correct ibrav instead
     tcpu =     33.8    self-consistency for image   3
     Message from routine setup:
     DEPRECATED: symmetry with ibrav=0, use correct ibrav instead
     tcpu =     34.4    self-consistency for image   4
     Message from routine setup:
     DEPRECATED: symmetry with ibrav=0, use correct ibrav instead
     tcpu =     34.9    self-consistency for image   5
     Message from routine setup:
     DEPRECATED: symmetry with ibrav=0, use correct ibrav instead

     activation energy (->) =   0.000000 eV
     activation energy (<-) =   0.000000 eV

     image        energy (eV)        error (eV/A)        frozen

         1        -44.6242679            2.176428            T
         2        -44.7219047            0.857054            F
         3        -44.7816555            0.329368            F
         4        -44.8714912            0.692837            F
         5        -44.7350002            0.807315            F
         6        -44.6242679            2.176426            T

     path length          =  5.586 bohr
     inter-image distance =  1.117 bohr

     ------------------------------ iteration  12 ------------------------------

     tcpu =     35.5    self-consistency for image   2
     Message from routine setup:
     DEPRECATED: symmetry with ibrav=0, use correct ibrav instead
     tcpu =     36.1    self-consistency for image   3
     Message from routine setup:
     DEPRECATED: symmetry with ibrav=0, use correct ibrav instead
     tcpu =     36.8    self-consistency for image   4
     Message from routine setup:
     DEPRECATED: symmetry with ibrav=0, use correct ibrav instead
     tcpu =     37.4    self-consistency for image   5
     Message from routine setup:
     DEPRECATED: symmetry with ibrav=0, use correct ibrav instead

     activation energy (->) =   0.000000 eV
     activation energy (<-) =   0.000000 eV

     image        energy (eV)        error (eV/A)        frozen

         1        -44.6242679            2.176428            T
         2        -44.7277469            0.075750            F
         3        -44.7808975            0.478425            F
         4        -44.8798451            0.375046            F
         5        -44.7331474            0.062474            F
         6        -44.6242679            2.176426            T

     path length          =  5.618 bohr
     inter-image distance =  1.124 bohr

     ------------------------------ iteration  13 ------------------------------

     tcpu =     38.0    self-consistency for image   2
     Message from routine setup:
     DEPRECATED: symmetry with ibrav=0, use correct ibrav instead
     tcpu =     38.4    self-consistency for image   3
     Message from routine setup:
     DEPRECATED: symmetry with ibrav=0, use correct ibrav instead
     tcpu =     39.0    self-consistency for image   4
     Message from routine setup:
     DEPRECATED: symmetry with ibrav=0, use correct ibrav instead
     tcpu =     39.6    self-consistency for image   5
     Message from routine setup:
     DEPRECATED: symmetry with ibrav=0, use correct ibrav instead

     activation energy (->) =   0.000000 eV
     activation energy (<-) =   0.000000 eV

     image        energy (eV)        error (eV/A)        frozen

         1        -44.6242679            2.176428            T
         2        -44.7276582            0.230066            F
         3        -44.7865860            0.164786            F
         4        -44.8783708            0.292777            F
         5        -44.7329451            0.025835            F
         6        -44.6242679            2.176426            T

     path length          =  5.658 bohr
     inter-image distance =  1.132 bohr

     ------------------------------ iteration  14 ------------------------------

     tcpu =     40.1    self-consistency for image   2
     Message from routine setup:
     DEPRECATED: symmetry with ibrav=0, use correct ibrav instead
     tcpu =     40.8    self-consistency for image   3
     Message from routine setup:
     DEPRECATED: symmetry with ibrav=0, use correct ibrav instead
     tcpu =     41.4    self-consistency for image   4
     Message from routine setup:
     DEPRECATED: symmetry with ibrav=0, use correct ibrav instead
     tcpu =     42.1    self-consistency for image   5
     Message from routine setup:
     DEPRECATED: symmetry with ibrav=0, use correct ibrav instead

     activation energy (->) =   0.000000 eV
     activation energy (<-) =   0.000000 eV

     image        energy (eV)        error (eV/A)        frozen

         1        -44.6242679            2.176428            T
         2        -44.7279994            0.044107            F
         3        -44.7891669            0.263794            F
         4        -44.8724405            0.343625            F
         5        -44.7326820            0.102635            F
         6        -44.6242679            2.176426            T

     path length          =  5.654 bohr
     inter-image distance =  1.131 bohr

     ------------------------------ iteration  15 ------------------------------

     tcpu =     42.6    self-consistency for image   2
     Message from routine setup:
     DEPRECATED: symmetry with ibrav=0, use correct ibrav instead
     tcpu =     43.1    self-consistency for image   3
     Message from routine setup:
     DEPRECATED: symmetry with ibrav=0, use correct ibrav instead
     tcpu =     43.9    self-consistency for image   4
     Message from routine setup:
     DEPRECATED: symmetry with ibrav=0, use correct ibrav instead
     tcpu =     44.8    self-consistency for image   5
     Message from routine setup:
     DEPRECATED: symmetry with ibrav=0, use correct ibrav instead

     activation energy (->) =   0.000000 eV
     activation energy (<-) =   0.000000 eV

     image        energy (eV)        error (eV/A)        frozen

         1        -44.6242679            2.176428            T
         2        -44.7241904            0.604323            F
         3        -44.8371158            0.528976            F
         4        -44.8029146            0.280008            F
         5        -44.7290787            0.693873            F
         6        -44.6242679            2.176426            T

     path length          =  5.598 bohr
     inter-image distance =  1.120 bohr

     ------------------------------ iteration  16 ------------------------------

     tcpu =     45.5    self-consistency for image   2
     Message from routine setup:
     DEPRECATED: symmetry with ibrav=0, use correct ibrav instead
     tcpu =     46.1    self-consistency for image   3
     Message from routine setup:
     DEPRECATED: symmetry with ibrav=0, use correct ibrav instead
     tcpu =     46.8    self-consistency for image   4
     Message from routine setup:
     DEPRECATED: symmetry with ibrav=0, use correct ibrav instead
     tcpu =     47.3    self-consistency for image   5
     Message from routine setup:
     DEPRECATED: symmetry with ibrav=0, use correct ibrav instead

     activation energy (->) =   0.000000 eV
     activation energy (<-) =   0.000000 eV

     image        energy (eV)        error (eV/A)        frozen

         1        -44.6242679            2.176428            T
         2        -44.7292809            0.216374            F
         3        -44.8277756            0.105436            F
         4        -44.8034381            0.290112            F
         5        -44.7285167            0.150804            F
         6        -44.6242679            2.176426            T

     path length          =  5.592 bohr
     inter-image distance =  1.118 bohr

     ------------------------------ iteration  17 ------------------------------

     tcpu =     47.8    self-consistency for image   2
     Message from routine setup:
     DEPRECATED: symmetry with ibrav=0, use correct ibrav instead
     tcpu =     48.3    self-consistency for image   3
     Message from routine setup:
     DEPRECATED: symmetry with ibrav=0, use correct ibrav instead
     tcpu =     49.0    self-consistency for image   4
     Message from routine setup:
     DEPRECATED: symmetry with ibrav=0, use correct ibrav instead
     tcpu =     49.8    self-consistency for image   5
     Message from routine setup:
     DEPRECATED: symmetry with ibrav=0, use correct ibrav instead

     activation energy (->) =   0.000000 eV
     activation energy (<-) =   0.000000 eV

     image        energy (eV)        error (eV/A)        frozen

         1        -44.6242679            2.176428            T
         2        -44.7306645            0.096519            F
         3        -44.8492483            0.429866            F
         4        -44.7741590            0.205397            F
         5        -44.7268583            0.135767            F
         6        -44.6242679            2.176426            T

     path length          =  5.606 bohr
     inter-image distance =  1.121 bohr

     ------------------------------ iteration  18 ------------------------------

     tcpu =     50.4    self-consistency for image   2
     Message from routine setup:
     DEPRECATED: symmetry with ibrav=0, use correct ibrav instead
     tcpu =     51.1    self-consistency for image   3
     Message from routine setup:
     DEPRECATED: symmetry with ibrav=0, use correct ibrav instead
     tcpu =     51.9    self-consistency for image   4
     Message from routine setup:
     DEPRECATED: symmetry with ibrav=0, use correct ibrav instead
     tcpu =     52.6    self-consistency for image   5
     Message from routine setup:
     DEPRECATED: symmetry with ibrav=0, use correct ibrav instead

     activation energy (->) =   0.000000 eV
     activation energy (<-) =   0.000000 eV

     image        energy (eV)        error (eV/A)        frozen

         1        -44.6242679            2.176428            T
         2        -44.7319221            0.417725            F
         3        -44.8827673            0.352816            F
         4        -44.7522665            0.121389            F
         5        -44.7258329            0.130028            F
         6        -44.6242679            2.176426            T

     path length          =  5.647 bohr
     inter-image distance =  1.129 bohr

     ------------------------------ iteration  19 ------------------------------

     tcpu =     53.2    self-consistency for image   2
     Message from routine setup:
     DEPRECATED: symmetry with ibrav=0, use correct ibrav instead
     tcpu =     53.8    self-consistency for image   3
     Message from routine setup:
     DEPRECATED: symmetry with ibrav=0, use correct ibrav instead
     tcpu =     54.3    self-consistency for image   4
     Message from routine setup:
     DEPRECATED: symmetry with ibrav=0, use correct ibrav instead
     tcpu =     54.8    self-consistency for image   5
     Message from routine setup:
     DEPRECATED: symmetry with ibrav=0, use correct ibrav instead

     activation energy (->) =   0.000000 eV
     activation energy (<-) =   0.000000 eV

     image        energy (eV)        error (eV/A)        frozen

         1        -44.6242679            2.176428            T
         2        -44.7331582            0.101901            F
         3        -44.8853782            0.340896            F
         4        -44.7534274            0.126827            F
         5        -44.7259027            0.071354            F
         6        -44.6242679            2.176426            T

     path length          =  5.631 bohr
     inter-image distance =  1.126 bohr

     broyden uphill step : history is reset


     ------------------------------ iteration  20 ------------------------------

     tcpu =     55.3    self-consistency for image   2
     Message from routine setup:
     DEPRECATED: symmetry with ibrav=0, use correct ibrav instead
     tcpu =     55.8    self-consistency for image   3
     Message from routine setup:
     DEPRECATED: symmetry with ibrav=0, use correct ibrav instead
     tcpu =     56.4    self-consistency for image   4
     Message from routine setup:
     DEPRECATED: symmetry with ibrav=0, use correct ibrav instead
     tcpu =     57.0    self-consistency for image   5
     Message from routine setup:
     DEPRECATED: symmetry with ibrav=0, use correct ibrav instead

     activation energy (->) =   0.000000 eV
     activation energy (<-) =   0.000000 eV

     image        energy (eV)        error (eV/A)        frozen

         1        -44.6242679            2.176428            T
         2        -44.7334649            0.155132            F
         3        -44.8891717            0.210956            F
         4        -44.7527959            0.125148            F
         5        -44.7259723            0.036398            F
         6        -44.6242679            2.176426            T

     path length          =  5.640 bohr
     inter-image distance =  1.128 bohr

     ---------------------------------------------------------------------------


     neb: reached the maximum number of steps

     NEB          :     53.68s CPU     57.47s WALL


   This run was terminated on:  16:41:32  30Jul2019            

=------------------------------------------------------------------------------=
   JOB DONE.
=------------------------------------------------------------------------------=
