
     Program NEB v.6.4.1 starts on 30Jul2019 at 16:28:31 

     This program is part of the open-source Quantum ESPRESSO suite
     for quantum simulation of materials; please cite
         "P. Giannozzi et al., J. Phys.:Condens. Matter 21 395502 (2009);
         "P. Giannozzi et al., J. Phys.:Condens. Matter 29 465901 (2017);
          URL http://www.quantum-espresso.org", 
     in publications or presentations arising from this work. More details at
     http://www.quantum-espresso.org/quote

     Parallel version (MPI), running on     1 processors

     MPI processes distributed on     1 nodes

     No input file found, assuming nothing to parse
     Searching argument -input_images or --input_images
     Reading input from pw_1.in
     Reading input from pw_2.in

     initial path length           =  4.2553 bohr
     initial inter-image distance  =  1.0638 bohr

     string_method                 =    neb
     restart_mode                  =    from_scratch
     opt_scheme                    =    broyden
     num_of_images                 =    5
     nstep_path                    =    20
     CI_scheme                     =    auto
     first_last_opt                =    F
     use_freezing                  =    F
     ds                            =    2.0000 a.u.
     k_max                         =    0.3000 a.u.
     k_min                         =    0.2000 a.u.
     suggested k_max               =    0.1542 a.u.
     suggested k_min               =    0.1028 a.u.
     path_thr                      =    0.1000 eV / A

     ------------------------------ iteration   1 ------------------------------

     tcpu =      0.2    self-consistency for image   1
     Message from routine setup:
     DEPRECATED: symmetry with ibrav=0, use correct ibrav instead
     tcpu =      0.9    self-consistency for image   2
     Message from routine setup:
     DEPRECATED: symmetry with ibrav=0, use correct ibrav instead
     tcpu =      1.7    self-consistency for image   3
     Message from routine setup:
     DEPRECATED: symmetry with ibrav=0, use correct ibrav instead
     tcpu =      2.6    self-consistency for image   4
     Message from routine setup:
     DEPRECATED: symmetry with ibrav=0, use correct ibrav instead
     tcpu =      3.4    self-consistency for image   5
     Message from routine setup:
     DEPRECATED: symmetry with ibrav=0, use correct ibrav instead

     activation energy (->) =   2.487921 eV
     activation energy (<-) =   2.487921 eV

     image        energy (eV)        error (eV/A)        frozen

         1        -44.6242679            2.176428            T
         2        -43.1027484            3.456929            F
         3        -42.1363465            2.305559            F
         4        -43.1027484            3.456926            F
         5        -44.6242679            2.176424            T

     climbing image =  3

     path length          =  4.255 bohr
     inter-image distance =  1.064 bohr

     ------------------------------ iteration   2 ------------------------------

     tcpu =      4.1    self-consistency for image   2
     Message from routine setup:
     DEPRECATED: symmetry with ibrav=0, use correct ibrav instead
     tcpu =      4.9    self-consistency for image   3
     Message from routine setup:
     DEPRECATED: symmetry with ibrav=0, use correct ibrav instead
     tcpu =      5.8    self-consistency for image   4
     Message from routine setup:
     DEPRECATED: symmetry with ibrav=0, use correct ibrav instead

     activation energy (->) =   2.035026 eV
     activation energy (<-) =   2.035026 eV

     image        energy (eV)        error (eV/A)        frozen

         1        -44.6242679            2.176428            T
         2        -43.4535979            2.521306            F
         3        -42.5892422            2.460480            F
         4        -43.4535974            2.521307            F
         5        -44.6242679            2.176424            T

     climbing image =  3

     path length          =  4.319 bohr
     inter-image distance =  1.080 bohr

     ------------------------------ iteration   3 ------------------------------

     tcpu =      6.7    self-consistency for image   2
     Message from routine setup:
     DEPRECATED: symmetry with ibrav=0, use correct ibrav instead
     tcpu =      7.6    self-consistency for image   3
     Message from routine setup:
     DEPRECATED: symmetry with ibrav=0, use correct ibrav instead
     tcpu =      8.4    self-consistency for image   4
     Message from routine setup:
     DEPRECATED: symmetry with ibrav=0, use correct ibrav instead

     activation energy (->) =   1.372648 eV
     activation energy (<-) =   1.372648 eV

     image        energy (eV)        error (eV/A)        frozen

         1        -44.6242679            2.176428            T
         2        -44.0746978            2.554052            F
         3        -43.2516202            2.560761            F
         4        -44.0746976            2.554053            F
         5        -44.6242679            2.176424            T

     climbing image =  3

     path length          =  4.565 bohr
     inter-image distance =  1.141 bohr

     ------------------------------ iteration   4 ------------------------------

     tcpu =      9.4    self-consistency for image   2
     Message from routine setup:
     DEPRECATED: symmetry with ibrav=0, use correct ibrav instead
     tcpu =     10.2    self-consistency for image   3
     Message from routine setup:
     DEPRECATED: symmetry with ibrav=0, use correct ibrav instead
     tcpu =     10.9    self-consistency for image   4
     Message from routine setup:
     DEPRECATED: symmetry with ibrav=0, use correct ibrav instead

     activation energy (->) =   0.682361 eV
     activation energy (<-) =   0.682361 eV

     image        energy (eV)        error (eV/A)        frozen

         1        -44.6242679            2.176428            T
         2        -44.5702779            2.192702            F
         3        -43.9419064            2.406379            F
         4        -44.5702779            2.192702            F
         5        -44.6242679            2.176424            T

     climbing image =  3

     path length          =  4.956 bohr
     inter-image distance =  1.239 bohr

     ------------------------------ iteration   5 ------------------------------

     tcpu =     11.8    self-consistency for image   2
     Message from routine setup:
     DEPRECATED: symmetry with ibrav=0, use correct ibrav instead
     tcpu =     12.5    self-consistency for image   3
     Message from routine setup:
     DEPRECATED: symmetry with ibrav=0, use correct ibrav instead
     tcpu =     13.2    self-consistency for image   4
     Message from routine setup:
     DEPRECATED: symmetry with ibrav=0, use correct ibrav instead

     activation energy (->) =   0.064775 eV
     activation energy (<-) =   0.064775 eV

     image        energy (eV)        error (eV/A)        frozen

         1        -44.6242679            2.176428            T
         2        -44.7494702            3.233209            F
         3        -44.5594927            1.780623            F
         4        -44.7494702            3.233210            F
         5        -44.6242679            2.176424            T

     climbing image =  3

     path length          =  5.454 bohr
     inter-image distance =  1.363 bohr

     ------------------------------ iteration   6 ------------------------------

     tcpu =     14.0    self-consistency for image   2
     Message from routine setup:
     DEPRECATED: symmetry with ibrav=0, use correct ibrav instead
     tcpu =     14.8    self-consistency for image   3
     Message from routine setup:
     DEPRECATED: symmetry with ibrav=0, use correct ibrav instead
     tcpu =     15.6    self-consistency for image   4
     Message from routine setup:
     DEPRECATED: symmetry with ibrav=0, use correct ibrav instead

     activation energy (->) =   0.291238 eV
     activation energy (<-) =   0.291238 eV

     image        energy (eV)        error (eV/A)        frozen

         1        -44.6242679            2.176428            T
         2        -44.6895825            1.392725            F
         3        -44.3330296            2.097455            F
         4        -44.6895825            1.392725            F
         5        -44.6242679            2.176424            T

     climbing image =  3

     path length          =  5.120 bohr
     inter-image distance =  1.280 bohr

     ------------------------------ iteration   7 ------------------------------

     tcpu =     16.3    self-consistency for image   2
     Message from routine setup:
     DEPRECATED: symmetry with ibrav=0, use correct ibrav instead
     tcpu =     17.0    self-consistency for image   3
     Message from routine setup:
     DEPRECATED: symmetry with ibrav=0, use correct ibrav instead
     tcpu =     17.8    self-consistency for image   4
     Message from routine setup:
     DEPRECATED: symmetry with ibrav=0, use correct ibrav instead

     activation energy (->) =   0.000000 eV
     activation energy (<-) =   0.000000 eV

     image        energy (eV)        error (eV/A)        frozen

         1        -44.6242679            2.176428            T
         2        -44.7416807            1.955379            F
         3        -44.7298839            1.377760            F
         4        -44.7416806            1.955378            F
         5        -44.6242679            2.107932            T

     climbing image =  5

     path length          =  5.392 bohr
     inter-image distance =  1.348 bohr

     ------------------------------ iteration   8 ------------------------------

     tcpu =     18.5    self-consistency for image   2
     Message from routine setup:
     DEPRECATED: symmetry with ibrav=0, use correct ibrav instead
     tcpu =     19.2    self-consistency for image   3
     Message from routine setup:
     DEPRECATED: symmetry with ibrav=0, use correct ibrav instead
     tcpu =     19.9    self-consistency for image   4
     Message from routine setup:
     DEPRECATED: symmetry with ibrav=0, use correct ibrav instead

     activation energy (->) =   0.000000 eV
     activation energy (<-) =   0.000000 eV

     image        energy (eV)        error (eV/A)        frozen

         1        -44.6242679            2.176428            T
         2        -44.7257967            3.196330            F
         3        -44.8908259            0.548076            F
         4        -44.7257967            3.196331            F
         5        -44.6242679            2.043912            T

     climbing image =  5

     path length          =  5.795 bohr
     inter-image distance =  1.449 bohr

     ------------------------------ iteration   9 ------------------------------

     tcpu =     20.6    self-consistency for image   2
     Message from routine setup:
     DEPRECATED: symmetry with ibrav=0, use correct ibrav instead
     tcpu =     21.2    self-consistency for image   3
     Message from routine setup:
     DEPRECATED: symmetry with ibrav=0, use correct ibrav instead
     tcpu =     22.0    self-consistency for image   4
     Message from routine setup:
     DEPRECATED: symmetry with ibrav=0, use correct ibrav instead

     activation energy (->) =   0.000000 eV
     activation energy (<-) =   0.000000 eV

     image        energy (eV)        error (eV/A)        frozen

         1        -44.6242679            2.176428            T
         2        -44.7370164            0.242970            F
         3        -44.8748226            0.665490            F
         4        -44.7370164            0.242970            F
         5        -44.6242679            2.109288            T

     climbing image =  5

     path length          =  5.531 bohr
     inter-image distance =  1.383 bohr

     ------------------------------ iteration  10 ------------------------------

     tcpu =     22.6    self-consistency for image   2
     Message from routine setup:
     DEPRECATED: symmetry with ibrav=0, use correct ibrav instead
     tcpu =     23.1    self-consistency for image   3
     Message from routine setup:
     DEPRECATED: symmetry with ibrav=0, use correct ibrav instead
     tcpu =     23.8    self-consistency for image   4
     Message from routine setup:
     DEPRECATED: symmetry with ibrav=0, use correct ibrav instead

     activation energy (->) =   0.000000 eV
     activation energy (<-) =   0.000000 eV

     image        energy (eV)        error (eV/A)        frozen

         1        -44.6242679            2.176428            T
         2        -44.7364944            0.170083            F
         3        -44.8989943            0.372991            F
         4        -44.7364944            0.170082            F
         5        -44.6242679            2.109268            T

     climbing image =  5

     path length          =  5.591 bohr
     inter-image distance =  1.398 bohr

     ------------------------------ iteration  11 ------------------------------

     tcpu =     24.3    self-consistency for image   2
     Message from routine setup:
     DEPRECATED: symmetry with ibrav=0, use correct ibrav instead
     tcpu =     24.9    self-consistency for image   3
     Message from routine setup:
     DEPRECATED: symmetry with ibrav=0, use correct ibrav instead
     tcpu =     25.6    self-consistency for image   4
     Message from routine setup:
     DEPRECATED: symmetry with ibrav=0, use correct ibrav instead

     activation energy (->) =   0.000000 eV
     activation energy (<-) =   0.000000 eV

     image        energy (eV)        error (eV/A)        frozen

         1        -44.6242679            2.176428            T
         2        -44.7340052            0.493693            F
         3        -44.8914166            0.538525            F
         4        -44.7340052            0.493693            F
         5        -44.6242679            2.062655            T

     climbing image =  5

     path length          =  5.788 bohr
     inter-image distance =  1.447 bohr

     ------------------------------ iteration  12 ------------------------------

     tcpu =     26.2    self-consistency for image   2
     Message from routine setup:
     DEPRECATED: symmetry with ibrav=0, use correct ibrav instead
     tcpu =     26.7    self-consistency for image   3
     Message from routine setup:
     DEPRECATED: symmetry with ibrav=0, use correct ibrav instead
     tcpu =     27.4    self-consistency for image   4
     Message from routine setup:
     DEPRECATED: symmetry with ibrav=0, use correct ibrav instead

     activation energy (->) =   0.000000 eV
     activation energy (<-) =   0.000000 eV

     image        energy (eV)        error (eV/A)        frozen

         1        -44.6242679            2.176428            T
         2        -44.7376484            0.241910            F
         3        -44.9061263            0.211689            F
         4        -44.7376484            0.241910            F
         5        -44.6242679            2.096743            T

     climbing image =  5

     path length          =  5.713 bohr
     inter-image distance =  1.428 bohr

     ------------------------------ iteration  13 ------------------------------

     tcpu =     27.9    self-consistency for image   2
     Message from routine setup:
     DEPRECATED: symmetry with ibrav=0, use correct ibrav instead
     tcpu =     28.5    self-consistency for image   3
     Message from routine setup:
     DEPRECATED: symmetry with ibrav=0, use correct ibrav instead
     tcpu =     29.2    self-consistency for image   4
     Message from routine setup:
     DEPRECATED: symmetry with ibrav=0, use correct ibrav instead

     activation energy (->) =   0.000000 eV
     activation energy (<-) =   0.000000 eV

     image        energy (eV)        error (eV/A)        frozen

         1        -44.6242679            2.176428            T
         2        -44.7388231            0.843532            F
         3        -44.8648797            0.747780            F
         4        -44.7388231            0.843533            F
         5        -44.6242679            2.108890            T

     climbing image =  5

     path length          =  5.517 bohr
     inter-image distance =  1.379 bohr

     ------------------------------ iteration  14 ------------------------------

     tcpu =     29.8    self-consistency for image   2
     Message from routine setup:
     DEPRECATED: symmetry with ibrav=0, use correct ibrav instead
     tcpu =     30.3    self-consistency for image   3
     Message from routine setup:
     DEPRECATED: symmetry with ibrav=0, use correct ibrav instead
     tcpu =     31.0    self-consistency for image   4
     Message from routine setup:
     DEPRECATED: symmetry with ibrav=0, use correct ibrav instead

     activation energy (->) =   0.000000 eV
     activation energy (<-) =   0.000000 eV

     image        energy (eV)        error (eV/A)        frozen

         1        -44.6242679            2.176428            T
         2        -44.7379980            0.012603            F
         3        -44.9090243            0.018700            F
         4        -44.7379980            0.012603            F
         5        -44.6242679            2.099635            T

     climbing image =  5

     path length          =  5.675 bohr
     inter-image distance =  1.419 bohr

     ---------------------------------------------------------------------------


     neb: convergence achieved in  14 iterations

     NEB          :     29.36s CPU     31.59s WALL


   This run was terminated on:  16:29: 3  30Jul2019            

=------------------------------------------------------------------------------=
   JOB DONE.
=------------------------------------------------------------------------------=
